// Jest Snapshot v1, https://goo.gl/fbAQLP

exports[`InvitePlayerDialog renders correctly 1`] = `
<v-dialog-stub
  closedelay="0"
  contentclass=""
  opendelay="0"
  openonclick="true"
  origin="center center"
  retainfocus="true"
  transition="dialog-transition"
  width="320"
>
   
  <v-card-stub
    loaderheight="4"
    tag="div"
  >
    <v-card-title-stub
      tag="div"
    >
      Invite player
    </v-card-title-stub>
     
    <v-card-subtitle-stub
      tag="div"
    >
      Send the link below to your friend to join the game
    </v-card-subtitle-stub>
     
    <v-card-text-stub
      tag="div"
    >
      <v-text-field-stub
        backgroundcolor=""
        clearicon="$clear"
        errorcount="1"
        errormessages=""
        label="Game's url"
        loaderheight="2"
        messages=""
        outlined="true"
        readonly="true"
        rules=""
        successmessages=""
        type="text"
        value="http://localhost/game/undefined"
      />
    </v-card-text-stub>
     
    <v-card-actions-stub
      tag="div"
    >
      <v-spacer-stub
        tag="div"
      />
       
      <v-btn-stub
        activeclass=""
        color="primary"
        tag="button"
        type="button"
      >
        Copy invitation link
      </v-btn-stub>
    </v-card-actions-stub>
  </v-card-stub>
</v-dialog-stub>
`;
