// Jest Snapshot v1, https://goo.gl/fbAQLP

exports[`RoundResultDialog renders correctly 1`] = `
<v-dialog
  persistent=""
  width="320"
>
  <v-card>
    <v-card-title>
      Round results
    </v-card-title>
     
    <v-card-text>
      <v-row>
        <v-col>
           roundResultMessage 
        </v-col>
      </v-row>
    </v-card-text>
     
    <v-card-title>
      Game results
    </v-card-title>
     
    <v-card-text>
      <v-row>
        <v-col>
           gameResultMessage 
        </v-col>
      </v-row>
    </v-card-text>
     
    <v-card-actions>
      <v-spacer />
       
      <v-btn
        color="primary"
      >
        Start new game
      </v-btn>
    </v-card-actions>
  </v-card>
</v-dialog>
`;
